C51 COMPILER V9.60.7.0   TEMP                                                              09/16/2024 10:09:36 PAGE 1   


C51 COMPILER V9.60.7.0, COMPILATION OF MODULE TEMP
OBJECT MODULE PLACED IN .\Objects\temp.obj
COMPILER INVOKED BY: C:\Keil_v5\C51\BIN\C51.EXE temp.c OPTIMIZE(8,SPEED) BROWSE DEBUG OBJECTEXTEND PRINT(.\Listings\temp
                    -.lst) TABS(2) OBJECT(.\Objects\temp.obj)

line level    source

   1          #include <reg51.h>
   2          #include "TEMP.h"
   3          #include "LCD.h"
   4          #include <string.h>
   5          
   6          
   7          sbit A= P2^2;
   8          sbit D= P2^3;
   9          sbit C= P2^4;
  10          
  11          unsigned int index=0;
  12          unsigned char temp_lsb=0; temp_msb=0;
  13          unsigned char unit, ten, hundred, intpart, decpart;
  14          char temp_f;
  15          unsigned char temp_c;
  16          sbit DQ=P3^7;
  17          sbit buzzer_pin=P1^5;
  18          
  19          //void temp_serialdata_pc (void)
  20          //{
  21          //  SBUF=hundred;
  22          //    while(TI==0);
  23          //      TI=0;
  24          //    delay(100);
  25          //    
  26          //      SBUF=ten;
  27          //    while(TI==0);                     //  tempdata send to pc
  28          //      TI=0;
  29          //    delay(100);
  30          //    
  31          //      SBUF=unit;
  32          //    while(TI==0);
  33          //      TI=0;
  34          //    delay(100);
  35          //    
  36          //  
  37          //  SBUF='\n';
  38          //    while(TI==0);
  39          //      TI=0;
  40          //    delay(100);
  41          //} 
  42          
  43          
  44          
  45          
  46          void ow_reset (void)
  47          {
  48   1        DQ=1;
  49   1        delay_18B20(8);
  50   1        DQ=0;
  51   1        delay_18B20(65);
  52   1        DQ=1;
  53   1        delay_18B20(20);  
  54   1      }
C51 COMPILER V9.60.7.0   TEMP                                                              09/16/2024 10:09:36 PAGE 2   

  55          void delay_18B20 (unsigned int ud)
  56          {
  57   1        while(ud--);
  58   1      }
  59          unsigned char read_bytess (void)
  60          {
  61   1        unsigned char i=0;
  62   1        unsigned char dat=0;
  63   1        for(i=8; i>0; i--)
  64   1        {
  65   2          DQ=0;
  66   2          dat>>=1;
  67   2          DQ=1;
  68   2          if(DQ)
  69   2          
  70   2            dat |= 0x80;
  71   2            delay_18B20(4);
  72   2          
  73   2        }
  74   1        return(dat);
  75   1      }
  76          void write_bytess (char dat)
  77          {
  78   1        unsigned char i=0;
  79   1        for(i=8; i>0; i--)
  80   1        {
  81   2          DQ=0;
  82   2          DQ=dat&0x01;
  83   2          delay_18B20(5);
  84   2          DQ=1;
  85   2          dat>>=1;
  86   2        
  87   2        }
  88   1      }
  89          void read_temperature(void)
  90          {
  91   1        ow_reset();
  92   1        write_bytess(0xCC); // skip rom
  93   1        write_bytess(0x44); //start conversion measure temp and convert into digital
  94   1        delay_18B20(10);
  95   1        ow_reset();
  96   1        write_bytess(0xCC); // skip rom
  97   1        write_bytess(0xBE);// read scratchpad memory
  98   1        delay_18B20(10);
  99   1        
 100   1        temp_msb=read_bytess();
 101   1        temp_lsb=read_bytess();
 102   1        
 103   1        temp_c=((temp_lsb*256+temp_msb)>>4);
 104   1        temp_f=(((int)temp_c)*9)/5+32;
 105   1      }
 106          
 107          void hex2lcd (unsigned char z)
 108          {
 109   1        hundred=(z/100)+0x30;
 110   1        ten=(z%100/10)+0x30;
 111   1        unit=(z%10)+0x30;
 112   1        intpart=(int)z;
 113   1        decpart=(z-intpart)+0x30;
 114   1        
 115   1        lcd_char(hundred);
 116   1        lcd_char(ten);
C51 COMPILER V9.60.7.0   TEMP                                                              09/16/2024 10:09:36 PAGE 3   

 117   1        lcd_char(unit);
 118   1        lcd_string(".");
 119   1        lcd_char(decpart);
 120   1      }
 121          
 122          
 123          
 124          //void temperature_state()
 125          //{
 126          //    lcd_command (0xC0);
 127          //    read_temperature();
 128          //    hex2lcd(temp_c);
 129          //    lcd_string("c");
 130          //  hex2lcd(temp_f);
 131          //    lcd_string("f");
 132          //}
 133          
 134          
 135          
 136          
 137          
 138          
 139          
 140          


MODULE INFORMATION:   STATIC OVERLAYABLE
   CODE SIZE        =    259    ----
   CONSTANT SIZE    =      2    ----
   XDATA SIZE       =   ----    ----
   PDATA SIZE       =   ----    ----
   DATA SIZE        =     12    ----
   IDATA SIZE       =   ----    ----
   BIT SIZE         =   ----    ----
END OF MODULE INFORMATION.


C51 COMPILATION COMPLETE.  0 WARNING(S),  0 ERROR(S)
