C51 COMPILER V9.60.7.0   CALCULATOR                                                        09/23/2024 13:11:40 PAGE 1   


C51 COMPILER V9.60.7.0, COMPILATION OF MODULE CALCULATOR
OBJECT MODULE PLACED IN .\Objects\calculator.obj
COMPILER INVOKED BY: C:\Keil_v5\C51\BIN\C51.EXE calculator.c OPTIMIZE(8,SPEED) BROWSE DEBUG OBJECTEXTEND PRINT(.\Listing
                    -s\calculator.lst) TABS(2) OBJECT(.\Objects\calculator.obj)

line level    source

   1          #include <reg51.h>
   2          #include "LCD.h"
   3          #include "CALCULATOR.h"
   4          
   5          //unsigned int y , a=0; b=0;
   6          //unsigned char operator ,flag =0;
   7          
   8          sbit r0 =P1^0;
   9          sbit r1 =P1^1;
  10          sbit r2 =P1^2;
  11          sbit r3 =P1^3;
  12          sbit c0 =P1^4;
  13          sbit c1 =P1^5;
  14          sbit c2 =P1^6;
  15          sbit c3 =P1^7;
  16          
  17          char scan_key();
  18          
  19          int calculator_state(void)
  20          {
  21   1        unsigned int r=0;
  22   1        int k2,k1;
  23   1        char key, key1;
  24   1        unsigned char ch2;
  25   1      //  if(cal_flag==1)
  26   1      //  {
  27   1         lcd_set_cursor(0,0);
  28   1        lcd_string("calculator:");
  29   1        
  30   1        key=scan_key();
  31   1        k2=get_num(key);
  32   1        lcd_set_cursor(1,0);
  33   1        lcd_char(key);
  34   1        
  35   1        
  36   1        ch2=scan_key();
  37   1        lcd_set_cursor(1,1);
  38   1        lcd_char(ch2);
  39   1        
  40   1        
  41   1        key1=scan_key();
  42   1        k1=get_num(key1);
  43   1        lcd_set_cursor(1,2);
  44   1        lcd_char(key1);
  45   1        lcd_set_cursor(1,3);
  46   1        lcd_string("=");
  47   1        lcd_set_cursor(1,4);
  48   1        
  49   1        switch(ch2)
  50   1        {
  51   2          case '+':
  52   2            disp_num(k1+k2);
  53   2          break;
  54   2          case '-':
C51 COMPILER V9.60.7.0   CALCULATOR                                                        09/23/2024 13:11:40 PAGE 2   

  55   2            disp_num(k2-k1);
  56   2          break;
  57   2          case '*':
  58   2            disp_num(k2*k1);
  59   2          break;
  60   2          case '/':
  61   2            disp_num(k2/k1);
  62   2          break;  
  63   2        }
  64   1        return 0;
  65   1        while(scan_key()!=0);
  66   1      
  67   1      }
  68          //}
  69          char scan_key()
  70          {
  71   1        char keypressed='\0';
  72   1      while(!(keypressed == '0'|| keypressed == '1'|| keypressed == '2'|| keypressed == '3'||
  73   1              keypressed == '4'|| keypressed == '5'|| keypressed == '6'|| keypressed == '7'||
  74   1              keypressed == '8'|| keypressed == '9'|| keypressed == '-'|| keypressed == '*'|| 
  75   1              keypressed == '='|| keypressed == '+'|| keypressed == '/'|| keypressed == 'C' ))
  76   1            {
  77   2            r0=0; r1=1;r2=1;r3=1;
  78   2        if(c0==0 && r0==0){keypressed='+';}
  79   2        if(c1==0 && r0==0){keypressed='-';}
  80   2        if(c2==0 && r0==0){keypressed='*';}
  81   2        if(c3==0 && r0==0){keypressed='/';}
  82   2          
  83   2            r0=1; r1=0;r2=1;r3=1;
  84   2        if(c0==0 && r1==0){keypressed='=';}
  85   2        if(c1==0 && r1==0){keypressed='3';}
  86   2        if(c2==0 && r1==0){keypressed='6';}
  87   2        if(c3==0 && r1==0){keypressed='9';}
  88   2        
  89   2            r0=1; r1=1;r2=0;r3=1;
  90   2        if(c0==0 && r2==0){keypressed='0';}
  91   2        if(c1==0 && r2==0){keypressed='2';}
  92   2        if(c2==0 && r2==0){keypressed='5';}
  93   2        if(c3==0 && r2==0){keypressed='8';}
  94   2          
  95   2            r0=1; r1=1;r2=1;r3=0;
  96   2        if(c0==0 && r3==0){keypressed='C';}
  97   2        if(c1==0 && r3==0){keypressed='1';}
  98   2        if(c2==0 && r3==0){keypressed='4';}
  99   2        if(c3==0 && r3==0){keypressed='7';}
 100   2      }
 101   1            delay(1000);
 102   1        return keypressed;
 103   1      }
 104          int get_num (char ch)
 105          {
 106   1        switch(ch)
 107   1        {
 108   2          case '0': return 0; break;
 109   2          case '1': return 1; break;
 110   2          case '2': return 2; break;
 111   2          case '3': return 3; break;
 112   2          case '4': return 4; break;
 113   2          case '5': return 5; break;
 114   2          case '6': return 6; break;
 115   2          case '7': return 7; break;
 116   2          case '8': return 8; break;
C51 COMPILER V9.60.7.0   CALCULATOR                                                        09/23/2024 13:11:40 PAGE 3   

 117   2          case '9': return 9; break;
 118   2        }
 119   1        return 0;
 120   1      }
 121          void disp_num(float num)
 122          {
 123   1        unsigned char unitdigit =0;
 124   1        unsigned char tenthdigit =0;
 125   1        unsigned char decimal =0;
 126   1        int j;
 127   1        int numb;
 128   1         j=(int)(num*10);
 129   1           numb=(int)num;
 130   1         
 131   1        if(numb<0)
 132   1        {
 133   2          numb=-1*numb;
 134   2          lcd_char('-');
 135   2        }   
 136   1        tenthdigit=(numb/10);
 137   1        if(tenthdigit!=0)
 138   1        
 139   1          lcd_char(tenthdigit+0x30);
 140   1          unitdigit=numb - tenthdigit*10;
 141   1        lcd_char(unitdigit+0x30);
 142   1        lcd_char('.');
 143   1        decimal=(j%10)+0x30;
 144   1        lcd_char(decimal);
 145   1        delay(2000);
 146   1        
 147   1        
 148   1      }
 149          
 150          


MODULE INFORMATION:   STATIC OVERLAYABLE
   CODE SIZE        =    791    ----
   CONSTANT SIZE    =     14    ----
   XDATA SIZE       =   ----    ----
   PDATA SIZE       =   ----    ----
   DATA SIZE        =   ----      21
   IDATA SIZE       =   ----    ----
   BIT SIZE         =   ----    ----
END OF MODULE INFORMATION.


C51 COMPILATION COMPLETE.  0 WARNING(S),  0 ERROR(S)
